
 ===================================================
  XFOIL Version 6.99
  Copyright (C) 2000   Mark Drela, Harold Youngren

  This software comes with ABSOLUTELY NO WARRANTY,
    subject to the GNU General Public License.

  Caveat computor
 ===================================================

 File  xfoil.def  not found

   QUIT    Exit program

  .OPER    Direct operating point(s)
  .MDES    Complex mapping design routine
  .QDES    Surface speed design routine
  .GDES    Geometry design routine

   SAVE f  Write airfoil to labeled coordinate file
   PSAV f  Write airfoil to plain coordinate file
   ISAV f  Write airfoil to ISES coordinate file
   MSAV f  Write airfoil to MSES coordinate file
   REVE    Reverse written-airfoil node ordering

   LOAD f  Read buffer airfoil from coordinate file
   NACA i  Set NACA 4,5-digit airfoil and buffer airfoil
   INTE    Set buffer airfoil by interpolating two airfoils
   NORM    Buffer airfoil normalization toggle
   XYCM rr Change CM reference location, currently  0.25000 0.00000

   BEND    Display structural properties of current airfoil

   PCOP    Set current-airfoil panel nodes directly from buffer airfoil points
   PANE    Set current-airfoil panel nodes ( 160 ) based on curvature
  .PPAR    Show/change paneling

  .PLOP    Plotting options

   WDEF f  Write  current-settings file
   RDEF f  Reread current-settings file
   NAME s  Specify new airfoil name
   NINC    Increment name version number

   Z       Zoom    | (available in all menus)
   U       Unzoom  | 

 XFOIL   c>  
 Labeled airfoil file.  Name:  SD7062 (14%)                                    

 Number of input coordinate points: 200
 Counterclockwise ordering
 Max thickness =     0.139994  at x =   0.272
 Max camber    =     0.039707  at x =   0.387

  LE  x,y  =  -0.00002  -0.00006  |   Chord =   1.00003
  TE  x,y  =   1.00001   0.00000  |

 Current airfoil nodes set from buffer airfoil nodes ( 200 )

 XFOIL   c>  
 XFOIL   c>  
    Present paneling parameters...
  N  i   Number of panel nodes       160
  P  r   Panel bunching parameter    1.000
  T  r   TE/LE panel density ratio   0.150
  R  r   Refined area/LE  panel density ratio   0.200
  XT rr  Top    side refined area x/c limits    1.000 1.000
  XB rr  Bottom side refined area x/c limits    1.000 1.000
  Z oom
  U nzoom

Change what ? (<cr> if nothing else)   c>  
Enter number of panel nodes   i>  
Change what ? (<cr> if nothing else)   c>  
 Sharp trailing edge

 Maximum panel corner angle =  6.956   at  i,x,y  = 112   0.0049  -0.0118

    Present paneling parameters...
  N  i   Number of panel nodes       200
  P  r   Panel bunching parameter    1.000
  T  r   TE/LE panel density ratio   0.150
  R  r   Refined area/LE  panel density ratio   0.200
  XT rr  Top    side refined area x/c limits    1.000 1.000
  XB rr  Bottom side refined area x/c limits    1.000 1.000
  Z oom
  U nzoom

Change what ? (<cr> if nothing else)   c>  
 XFOIL   c>  
 You are working with the buffer airfoil

.GDES   c>   Enabling camber,thickness plotting

 Max thickness =   0.1400  at x =   0.272
 Max camber    =   0.0397  at x =   0.383

 Max thickness =     0.125401  at x =   0.272
 Max camber    =     0.077297  at x =   0.387

.GDES   c>  
 Max thickness =   0.1254  at x =   0.272
 Max camber    =   0.0773  at x =   0.383

 Max thickness =     0.125389  at x =   0.176
 Max camber    =     0.077167  at x =   0.402

.GDES   c>  
Enter blending distance/c from LE   r>   Max thickness =     0.117267  at x =   0.177
 Max camber    =     0.077168  at x =   0.402

 New LE radius = 0.00234

.GDES   c>  
 Current airfoil nodes set from buffer airfoil nodes ( 200 )

.GDES   c>   Max thickness =     0.117267  at x =   0.177
 Max camber    =     0.077168  at x =   0.402

.GDES   c>  
 XFOIL   c>  
 XFOIL   c>  
 XFOIL   c>  
 XFOIL   c>  
 XFOIL   c>  